
Memory Configuration

Name             Origin             Length             Attributes
FLASH            0x08000000         0x00080000         xr
SRAM             0x20000000         0x00020000         xrw
*default*        0x00000000         0xffffffff

Linker script and memory map

LOAD object/kmath.o
LOAD object/kfloat.o
LOAD object/cm4.o
LOAD object/kstring.o
LOAD object/kmain.o
LOAD object/stm32_startup.o
LOAD object/sys.o
LOAD object/clock.o
LOAD object/usart.o
LOAD object/gpio.o
LOAD object/timer.o
LOAD object/kstdio.o
LOAD object/sys_init.o
LOAD object/unistd.o
LOAD object/times.o
LOAD object/kunistd.o
LOAD object/ktimes.o
LOAD object/syscall.o
LOAD object/seven_segment.o

.text           0x08000000     0x2a08
                0x08000000                        _stext = .
 *(.isr_vector)
 .isr_vector    0x08000000      0x1c4 object/stm32_startup.o
                0x08000000                NVIC_VECTOR
 *(.text)
 .text          0x080001c4       0x4e object/kmath.o
                0x080001c4                __pow
 *fill*         0x08000212        0x2 
 .text          0x08000214      0x360 object/kfloat.o
                0x08000214                __aeabi_f2d
                0x080002da                __aeabi_d2f
                0x08000360                __aeabi_d2iz
                0x080003f6                __aeabi_d2i
                0x0800048c                get_decimal_part
 .text          0x08000574      0x1a4 object/cm4.o
                0x08000574                __SysTick_init
                0x080005cc                __sysTick_enable
                0x080005f4                __sysTick_disable
                0x0800061c                __getSysTickCount
                0x08000634                __updateSysTick
                0x0800068c                __getTime
                0x080006c0                SysTick_Handler
                0x080006f4                __enable_fpu
 .text          0x08000718      0x3d4 object/kstring.o
                0x08000718                __str_to_num
                0x08000810                __reverse_str
                0x0800086e                __strlen
                0x0800089c                convert
                0x0800091c                float2str
                0x080009e8                str2float
 .text          0x08000aec       0x30 object/kmain.o
                0x08000aec                kmain
 .text          0x08000b1c       0xe8 object/stm32_startup.o
                0x08000b1c                Reset_Handler
                0x08000bd4                FLASH_Handler
                0x08000bd4                DMA2_Stream7_Handler
                0x08000bd4                OTG_HS_Handler
                0x08000bd4                OTG_HS_EP1_IN_Handler
                0x08000bd4                OTG_HS_WKUP_Handler
                0x08000bd4                OTG_FS_WKUP_Handler
                0x08000bd4                SPI4_Handler
                0x08000bd4                RTC_WKUP_Handler
                0x08000bd4                DMA2_Stream3_Handler
                0x08000bd4                USART3_Handler
                0x08000bd4                PendSV_Handler
                0x08000bd4                NMI_Handler
                0x08000bd4                SAI1_Handler
                0x08000bd4                TIM6_DAC_Handler
                0x08000bd4                CAN1_RX1_Handler
                0x08000bd4                EXTI15_10_Handler
                0x08000bd4                ADC_Handler
                0x08000bd4                I2C1_EV_Handler
                0x08000bd4                TAMP_STAMP_Handler
                0x08000bd4                I2C3_ER_Handler
                0x08000bd4                WWDG_Handler
                0x08000bd4                EXTI4_Handler
                0x08000bd4                I2C3_EV_Handler
                0x08000bd4                DMA1_Stream1_Handler
                0x08000bd4                DMA2_Stream4_Handler
                0x08000bd4                DMA1_Stream7_Handler
                0x08000bd4                OTG_FS_Handler
                0x08000bd4                TIM1_BRK_TIM9_Handler
                0x08000bd4                I2C1_ER_Handler
                0x08000bd4                DMA1_Stream3_Handler
                0x08000bd4                UsageFault_Handler
                0x08000bd4                TIM1_UP_TIM10_Handler
                0x08000bd4                CAN1_RX0_Handler
                0x08000bd4                TIM1_CC_Handler
                0x08000bd4                I2C2_ER_Handler
                0x08000bd4                USART6_Handler
                0x08000bd4                TIM8_CC_Handler
                0x08000bd4                HDMI_CEC_Handler
                0x08000bd4                SAI2_Handler
                0x08000bd4                CAN1_SCE_Handler
                0x08000bd4                DMA1_Stream0_Handler
                0x08000bd4                OTG_HS_EP1_OUT_Handler
                0x08000bd4                EXTI1_Handler
                0x08000bd4                FMC_Handler
                0x08000bd4                EXTI3_Handler
                0x08000bd4                EXTI2_Handler
                0x08000bd4                UART4_Handler
                0x08000bd4                CAN2_RX1_Handler
                0x08000bd4                EXTI9_5_Handler
                0x08000bd4                TIM2_Handler
                0x08000bd4                USART1_Handler
                0x08000bd4                CAN2_SCE_Handler
                0x08000bd4                TIM3_Handler
                0x08000bd4                DMA2_Stream6_Handler
                0x08000bd4                Default_Handler
                0x08000bd4                DCMI_Handler
                0x08000bd4                TIM1_TRG_COM_TIM11_Handler
                0x08000bd4                RTC_Alarm_Handler
                0x08000bd4                TIM4_Handler
                0x08000bd4                TIM8_UP_TIM13_Handler
                0x08000bd4                CAN2_TX_Handler
                0x08000bd4                SPI2_Handler
                0x08000bd4                DMA2_Stream1_Handler
                0x08000bd4                DMA1_Stream2_Handler
                0x08000bd4                EXTI0_Handler
                0x08000bd4                TIM8_BRK_TIM12_Handler
                0x08000bd4                CAN2_RX0_Handler
                0x08000bd4                DMA2_Stream5_Handler
                0x08000bd4                DMA1_Stream6_Handler
                0x08000bd4                SDIO_Handler
                0x08000bd4                FMPI2C1_ERR_Handler
                0x08000bd4                USART2_Handler
                0x08000bd4                SPI1_Handler
                0x08000bd4                I2C2_EV_Handler
                0x08000bd4                SPDIF_Rx_Handler
                0x08000bd4                DMA2_Stream2_Handler
                0x08000bd4                SPI3_Handler
                0x08000bd4                DMA2_Stream0_Handler
                0x08000bd4                RCC_Handler
                0x08000bd4                PVD_Handler
                0x08000bd4                UART5_Handler
                0x08000bd4                DMA1_Stream5_Handler
                0x08000bd4                TIM5_Handler
                0x08000bd4                QuadSPI_Handler
                0x08000bd4                TIM7_Handler
                0x08000bd4                TIM8_TRG_COM_TIM14_Handler
                0x08000bd4                CAN1_TX_Handler
                0x08000bd4                FPU_Handler
                0x08000bd4                FMPI2C1_Handler
                0x08000bd4                DMA1_Stream4_Handler
                0x08000bd4                DebugMonitor_Handler
                0x08000bdc                HardFault_Handler
                0x08000be4                MemManage_Handler
                0x08000bec                BusFault_Handler
                0x08000bf4                SVCall_Handler
 .text          0x08000c04      0x42c object/sys.o
                0x08000c04                __NVIC_SetPriority
                0x08000c3c                __NVIC_GetPriority
                0x08000c74                __NVIC_EnableIRQn
                0x08000cd0                __NVIC_DisableIRQn
                0x08000d30                __disable_irq
                0x08000d46                __set_BASEPRI
                0x08000d62                __enable_irq
                0x08000d78                __unset_BASEPRI
                0x08000d94                __set_PRIMASK
                0x08000db0                get_PRIMASK
                0x08000dcc                __enable_fault_irq
                0x08000de2                __set_FAULTMASK
                0x08000dfe                __disable_fault_irq
                0x08000e14                __get_FAULTMASK
                0x08000e30                __clear_pending_IRQn
                0x08000e90                __get_pending_IRQn
                0x08000ef8                __NVIC_GetActive
                0x08000f60                EXTI_Init
                0x08001000                EXTI3_IRQHandler
 .text          0x08001030       0xbc object/clock.o
                0x08001030                DRV_CLOCK_INIT
 .text          0x080010ec      0x214 object/usart.o
                0x080010ec                DRV_USART_INIT
                0x080011a8                UART_SendChar
                0x080011d6                _USART_WRITE
                0x08001204                _USART_READ
                0x08001260                UART_GetChar
                0x0800128a                _USART_READ_STR
 .text          0x08001300      0x520 object/gpio.o
                0x08001300                GPIO_WritePin
                0x08001332                GPIO_Init
                0x08001638                GPIO_DeInit
 .text          0x08001820        0xe object/timer.o
                0x08001820                DRV_TIMER_INIT
 *fill*         0x0800182e        0x2 
 .text          0x08001830      0x358 object/kstdio.o
                0x08001830                kprintf
                0x080019c8                kprintf_led
                0x080019e6                kscanf
 .text          0x08001b88       0xa4 object/sys_init.o
                0x08001b88                __sys_init
 .text          0x08001c2c        0x0 object/unistd.o
 .text          0x08001c2c        0x0 object/times.o
 .text          0x08001c2c        0x0 object/kunistd.o
 .text          0x08001c2c        0x0 object/ktimes.o
 .text          0x08001c2c       0x5e object/syscall.o
                0x08001c2c                syscall
 *fill*         0x08001c8a        0x2 
 .text          0x08001c8c      0x3d4 object/seven_segment.o
                0x08001c8c                test
                0x08001d54                reset
                0x08001da8                LedMatrix
                0x08001f64                ledArray
 *(.rodata)
 .rodata        0x08002060        0x4 object/kstring.o
 .rodata        0x08002064        0x4 object/kmain.o
 .rodata        0x08002068        0x9 object/sys.o
 *fill*         0x08002071        0x3 
 .rodata        0x08002074      0x133 object/sys_init.o
 *fill*         0x080021a7        0x1 
 .rodata        0x080021a8      0x6f8 object/syscall.o
                0x08002798                sys_errlist
                0x0800289c                sys_nerr
 .rodata        0x080028a0      0x168 object/seven_segment.o
                0x08002a08                        . = ALIGN (0x4)
                0x08002a08                        _etext = .
                0x08002a08                        _la_data = LOADADDR (.data)

.glue_7         0x08002a08        0x0
 .glue_7        0x08002a08        0x0 linker stubs

.glue_7t        0x08002a08        0x0
 .glue_7t       0x08002a08        0x0 linker stubs

.vfp11_veneer   0x08002a08        0x0
 .vfp11_veneer  0x08002a08        0x0 linker stubs

.v4_bx          0x08002a08        0x0
 .v4_bx         0x08002a08        0x0 linker stubs

.iplt           0x08002a08        0x0
 .iplt          0x08002a08        0x0 object/cm4.o

.rel.dyn        0x08002a08        0x0
 .rel.iplt      0x08002a08        0x0 object/cm4.o

.data           0x20000000       0x28 load address 0x08002a08
                0x20000000                        _sdata = .
 *(.data)
 .data          0x20000000        0x0 object/kmath.o
 .data          0x20000000        0x0 object/kfloat.o
 .data          0x20000000        0x0 object/cm4.o
 .data          0x20000000       0x25 object/kstring.o
 .data          0x20000025        0x0 object/kmain.o
 .data          0x20000025        0x0 object/stm32_startup.o
 .data          0x20000025        0x0 object/sys.o
 .data          0x20000025        0x0 object/clock.o
 .data          0x20000025        0x0 object/usart.o
 .data          0x20000025        0x0 object/gpio.o
 .data          0x20000025        0x0 object/timer.o
 .data          0x20000025        0x0 object/kstdio.o
 .data          0x20000025        0x0 object/sys_init.o
 .data          0x20000025        0x0 object/unistd.o
 .data          0x20000025        0x0 object/times.o
 .data          0x20000025        0x0 object/kunistd.o
 .data          0x20000025        0x0 object/ktimes.o
 .data          0x20000025        0x0 object/syscall.o
 .data          0x20000025        0x0 object/seven_segment.o
                0x20000028                        . = ALIGN (0x4)
 *fill*         0x20000025        0x3 
                0x20000028                        _edata = .

.igot.plt       0x20000028        0x0 load address 0x08002a30
 .igot.plt      0x20000028        0x0 object/cm4.o

.bss            0x20000028       0x44 load address 0x08002a30
                0x20000028                        _sbss = .
 *(.bss)
 .bss           0x20000028        0x0 object/kmath.o
 .bss           0x20000028        0x0 object/kfloat.o
 .bss           0x20000028        0x4 object/cm4.o
 .bss           0x2000002c       0x32 object/kstring.o
 .bss           0x2000005e        0x0 object/kmain.o
 *fill*         0x2000005e        0x2 
 .bss           0x20000060        0xc object/stm32_startup.o
                0x20000060                _bss_size
                0x20000064                _data_size
                0x20000068                _text_size
 .bss           0x2000006c        0x0 object/sys.o
 .bss           0x2000006c        0x0 object/clock.o
 .bss           0x2000006c        0x0 object/usart.o
 .bss           0x2000006c        0x0 object/gpio.o
 .bss           0x2000006c        0x0 object/timer.o
 .bss           0x2000006c        0x0 object/kstdio.o
 .bss           0x2000006c        0x0 object/sys_init.o
 .bss           0x2000006c        0x0 object/unistd.o
 .bss           0x2000006c        0x0 object/times.o
 .bss           0x2000006c        0x0 object/kunistd.o
 .bss           0x2000006c        0x0 object/ktimes.o
 .bss           0x2000006c        0x0 object/syscall.o
 .bss           0x2000006c        0x0 object/seven_segment.o
                0x2000006c                        _ebss = .
OUTPUT(target/duos elf32-littlearm)
LOAD linker stubs

.comment        0x00000000       0x48
 .comment       0x00000000       0x48 object/kmath.o
                                 0x49 (size before relaxing)
 .comment       0x00000048       0x49 object/kfloat.o
 .comment       0x00000048       0x49 object/cm4.o
 .comment       0x00000048       0x49 object/kstring.o
 .comment       0x00000048       0x49 object/kmain.o
 .comment       0x00000048       0x49 object/stm32_startup.o
 .comment       0x00000048       0x49 object/sys.o
 .comment       0x00000048       0x49 object/clock.o
 .comment       0x00000048       0x49 object/usart.o
 .comment       0x00000048       0x49 object/gpio.o
 .comment       0x00000048       0x49 object/timer.o
 .comment       0x00000048       0x49 object/kstdio.o
 .comment       0x00000048       0x49 object/sys_init.o
 .comment       0x00000048       0x49 object/unistd.o
 .comment       0x00000048       0x49 object/times.o
 .comment       0x00000048       0x49 object/kunistd.o
 .comment       0x00000048       0x49 object/ktimes.o
 .comment       0x00000048       0x49 object/syscall.o
 .comment       0x00000048       0x49 object/seven_segment.o

.ARM.attributes
                0x00000000       0x32
 .ARM.attributes
                0x00000000       0x32 object/kmath.o
 .ARM.attributes
                0x00000032       0x32 object/kfloat.o
 .ARM.attributes
                0x00000064       0x32 object/cm4.o
 .ARM.attributes
                0x00000096       0x32 object/kstring.o
 .ARM.attributes
                0x000000c8       0x32 object/kmain.o
 .ARM.attributes
                0x000000fa       0x32 object/stm32_startup.o
 .ARM.attributes
                0x0000012c       0x32 object/sys.o
 .ARM.attributes
                0x0000015e       0x32 object/clock.o
 .ARM.attributes
                0x00000190       0x32 object/usart.o
 .ARM.attributes
                0x000001c2       0x32 object/gpio.o
 .ARM.attributes
                0x000001f4       0x32 object/timer.o
 .ARM.attributes
                0x00000226       0x32 object/kstdio.o
 .ARM.attributes
                0x00000258       0x32 object/sys_init.o
 .ARM.attributes
                0x0000028a       0x32 object/unistd.o
 .ARM.attributes
                0x000002bc       0x32 object/times.o
 .ARM.attributes
                0x000002ee       0x32 object/kunistd.o
 .ARM.attributes
                0x00000320       0x32 object/ktimes.o
 .ARM.attributes
                0x00000352       0x32 object/syscall.o
 .ARM.attributes
                0x00000384       0x32 object/seven_segment.o
