
Memory Configuration

Name             Origin             Length             Attributes
FLASH            0x08000000         0x00080000         xr
SRAM             0x20000000         0x00020000         xrw
*default*        0x00000000         0xffffffff

Linker script and memory map

LOAD object/kmath.o
LOAD object/kfloat.o
LOAD object/cm4.o
LOAD object/kstring.o
LOAD object/kmain.o
LOAD object/stm32_startup.o
LOAD object/clock.o
LOAD object/usart.o
LOAD object/gpio.o
LOAD object/timer.o
LOAD object/kstdio.o
LOAD object/sys_init.o
LOAD object/unistd.o
LOAD object/times.o
LOAD object/kunistd.o
LOAD object/ktimes.o
LOAD object/syscall.o
LOAD object/seven_segment.o

.text           0x08000000     0x1cc8
                0x08000000                        _stext = .
 *(.isr_vector)
 .isr_vector    0x08000000      0x1c4 object/stm32_startup.o
                0x08000000                NVIC_VECTOR
 *(.text)
 .text          0x080001c4       0x4e object/kmath.o
                0x080001c4                __pow
 *fill*         0x08000212        0x2 
 .text          0x08000214      0x360 object/kfloat.o
                0x08000214                __aeabi_f2d
                0x080002da                __aeabi_d2f
                0x08000360                __aeabi_d2iz
                0x080003f6                __aeabi_d2i
                0x0800048c                get_decimal_part
 .text          0x08000574      0x1a4 object/cm4.o
                0x08000574                __SysTick_init
                0x080005cc                __sysTick_enable
                0x080005f4                __sysTick_disable
                0x0800061c                __getSysTickCount
                0x08000634                __updateSysTick
                0x0800068c                __getTime
                0x080006c0                SysTick_Handler
                0x080006f4                __enable_fpu
 .text          0x08000718      0x368 object/kstring.o
                0x08000718                __str_to_num
                0x080007d8                __reverse_str
                0x08000836                __strlen
                0x08000864                convert
                0x080008bc                float2str
                0x08000988                str2float
 .text          0x08000a80       0x30 object/kmain.o
                0x08000a80                kmain
 .text          0x08000ab0       0xe8 object/stm32_startup.o
                0x08000ab0                Reset_Handler
                0x08000b68                FLASH_Handler
                0x08000b68                DMA2_Stream7_Handler
                0x08000b68                OTG_HS_Handler
                0x08000b68                OTG_HS_EP1_IN_Handler
                0x08000b68                OTG_HS_WKUP_Handler
                0x08000b68                OTG_FS_WKUP_Handler
                0x08000b68                SPI4_Handler
                0x08000b68                RTC_WKUP_Handler
                0x08000b68                DMA2_Stream3_Handler
                0x08000b68                USART3_Handler
                0x08000b68                PendSV_Handler
                0x08000b68                NMI_Handler
                0x08000b68                SAI1_Handler
                0x08000b68                TIM6_DAC_Handler
                0x08000b68                CAN1_RX1_Handler
                0x08000b68                EXTI15_10_Handler
                0x08000b68                ADC_Handler
                0x08000b68                I2C1_EV_Handler
                0x08000b68                TAMP_STAMP_Handler
                0x08000b68                I2C3_ER_Handler
                0x08000b68                WWDG_Handler
                0x08000b68                EXTI4_Handler
                0x08000b68                I2C3_EV_Handler
                0x08000b68                DMA1_Stream1_Handler
                0x08000b68                DMA2_Stream4_Handler
                0x08000b68                DMA1_Stream7_Handler
                0x08000b68                OTG_FS_Handler
                0x08000b68                TIM1_BRK_TIM9_Handler
                0x08000b68                I2C1_ER_Handler
                0x08000b68                DMA1_Stream3_Handler
                0x08000b68                UsageFault_Handler
                0x08000b68                TIM1_UP_TIM10_Handler
                0x08000b68                CAN1_RX0_Handler
                0x08000b68                TIM1_CC_Handler
                0x08000b68                I2C2_ER_Handler
                0x08000b68                USART6_Handler
                0x08000b68                TIM8_CC_Handler
                0x08000b68                HDMI_CEC_Handler
                0x08000b68                SAI2_Handler
                0x08000b68                CAN1_SCE_Handler
                0x08000b68                DMA1_Stream0_Handler
                0x08000b68                OTG_HS_EP1_OUT_Handler
                0x08000b68                EXTI1_Handler
                0x08000b68                FMC_Handler
                0x08000b68                EXTI3_Handler
                0x08000b68                EXTI2_Handler
                0x08000b68                UART4_Handler
                0x08000b68                CAN2_RX1_Handler
                0x08000b68                EXTI9_5_Handler
                0x08000b68                TIM2_Handler
                0x08000b68                USART1_Handler
                0x08000b68                CAN2_SCE_Handler
                0x08000b68                TIM3_Handler
                0x08000b68                DMA2_Stream6_Handler
                0x08000b68                Default_Handler
                0x08000b68                DCMI_Handler
                0x08000b68                TIM1_TRG_COM_TIM11_Handler
                0x08000b68                RTC_Alarm_Handler
                0x08000b68                TIM4_Handler
                0x08000b68                TIM8_UP_TIM13_Handler
                0x08000b68                CAN2_TX_Handler
                0x08000b68                SPI2_Handler
                0x08000b68                DMA2_Stream1_Handler
                0x08000b68                DMA1_Stream2_Handler
                0x08000b68                EXTI0_Handler
                0x08000b68                TIM8_BRK_TIM12_Handler
                0x08000b68                CAN2_RX0_Handler
                0x08000b68                DMA2_Stream5_Handler
                0x08000b68                DMA1_Stream6_Handler
                0x08000b68                SDIO_Handler
                0x08000b68                FMPI2C1_ERR_Handler
                0x08000b68                USART2_Handler
                0x08000b68                SPI1_Handler
                0x08000b68                I2C2_EV_Handler
                0x08000b68                SPDIF_Rx_Handler
                0x08000b68                DMA2_Stream2_Handler
                0x08000b68                SPI3_Handler
                0x08000b68                DMA2_Stream0_Handler
                0x08000b68                RCC_Handler
                0x08000b68                PVD_Handler
                0x08000b68                UART5_Handler
                0x08000b68                DMA1_Stream5_Handler
                0x08000b68                TIM5_Handler
                0x08000b68                QuadSPI_Handler
                0x08000b68                TIM7_Handler
                0x08000b68                TIM8_TRG_COM_TIM14_Handler
                0x08000b68                CAN1_TX_Handler
                0x08000b68                FPU_Handler
                0x08000b68                FMPI2C1_Handler
                0x08000b68                DMA1_Stream4_Handler
                0x08000b68                DebugMonitor_Handler
                0x08000b70                HardFault_Handler
                0x08000b78                MemManage_Handler
                0x08000b80                BusFault_Handler
                0x08000b88                SVCall_Handler
 .text          0x08000b98       0xbc object/clock.o
                0x08000b98                DRV_CLOCK_INIT
 .text          0x08000c54      0x214 object/usart.o
                0x08000c54                DRV_USART_INIT
                0x08000d10                UART_SendChar
                0x08000d3e                _USART_WRITE
                0x08000d6c                _USART_READ
                0x08000dc8                UART_GetChar
                0x08000df2                _USART_READ_STR
 .text          0x08000e68      0x154 object/gpio.o
                0x08000e68                DRV_GPIO_INIT
                0x08000eac                GPIO_Init
                0x08000f40                GPIO_WritePin
                0x08000f8a                GPIO_IDR_Status
 .text          0x08000fbc        0xe object/timer.o
                0x08000fbc                DRV_TIMER_INIT
 *fill*         0x08000fca        0x2 
 .text          0x08000fcc      0x310 object/kstdio.o
                0x08000fcc                kprintf
                0x0800115c                kscanf
 .text          0x080012dc       0xc0 object/sys_init.o
                0x080012dc                __sys_init
 .text          0x0800139c        0x0 object/unistd.o
 .text          0x0800139c        0x0 object/times.o
 .text          0x0800139c        0x0 object/kunistd.o
 .text          0x0800139c        0x0 object/ktimes.o
 .text          0x0800139c       0x5e object/syscall.o
                0x0800139c                syscall
 *fill*         0x080013fa        0x2 
 .text          0x080013fc       0xb0 object/seven_segment.o
                0x080013fc                module_init
                0x08001450                print_digit
 *(.rodata)
 .rodata        0x080014ac       0x35 object/kmain.o
 *fill*         0x080014e1        0x3 
 .rodata        0x080014e4       0xea object/sys_init.o
 *fill*         0x080015ce        0x2 
 .rodata        0x080015d0      0x6f8 object/syscall.o
                0x08001bc0                sys_errlist
                0x08001cc4                sys_nerr
                0x08001cc8                        . = ALIGN (0x4)
                0x08001cc8                        _etext = .
                0x08001cc8                        _la_data = LOADADDR (.data)

.glue_7         0x08001cc8        0x0
 .glue_7        0x08001cc8        0x0 linker stubs

.glue_7t        0x08001cc8        0x0
 .glue_7t       0x08001cc8        0x0 linker stubs

.vfp11_veneer   0x08001cc8        0x0
 .vfp11_veneer  0x08001cc8        0x0 linker stubs

.v4_bx          0x08001cc8        0x0
 .v4_bx         0x08001cc8        0x0 linker stubs

.iplt           0x08001cc8        0x0
 .iplt          0x08001cc8        0x0 object/cm4.o

.rel.dyn        0x08001cc8        0x0
 .rel.iplt      0x08001cc8        0x0 object/cm4.o

.data           0x20000000      0x1a8 load address 0x08001cc8
                0x20000000                        _sdata = .
 *(.data)
 .data          0x20000000        0x0 object/kmath.o
 .data          0x20000000        0x0 object/kfloat.o
 .data          0x20000000        0x0 object/cm4.o
 .data          0x20000000       0x25 object/kstring.o
 *fill*         0x20000025        0x3 
 .data          0x20000028       0x7e object/kmain.o
 .data          0x200000a6        0x0 object/stm32_startup.o
 .data          0x200000a6        0x0 object/clock.o
 .data          0x200000a6        0x0 object/usart.o
 .data          0x200000a6        0x0 object/gpio.o
 .data          0x200000a6        0x0 object/timer.o
 *fill*         0x200000a6        0x2 
 .data          0x200000a8       0x7e object/kstdio.o
 .data          0x20000126        0x0 object/sys_init.o
 .data          0x20000126        0x0 object/unistd.o
 .data          0x20000126        0x0 object/times.o
 .data          0x20000126        0x0 object/kunistd.o
 .data          0x20000126        0x0 object/ktimes.o
 .data          0x20000126        0x0 object/syscall.o
 *fill*         0x20000126        0x2 
 .data          0x20000128       0x7e object/seven_segment.o
                0x200001a8                        . = ALIGN (0x4)
 *fill*         0x200001a6        0x2 
                0x200001a8                        _edata = .

.igot.plt       0x200001a8        0x0 load address 0x08001e70
 .igot.plt      0x200001a8        0x0 object/cm4.o

.bss            0x200001a8       0x44 load address 0x08001e70
                0x200001a8                        _sbss = .
 *(.bss)
 .bss           0x200001a8        0x0 object/kmath.o
 .bss           0x200001a8        0x0 object/kfloat.o
 .bss           0x200001a8        0x4 object/cm4.o
 .bss           0x200001ac       0x32 object/kstring.o
 .bss           0x200001de        0x0 object/kmain.o
 *fill*         0x200001de        0x2 
 .bss           0x200001e0        0xc object/stm32_startup.o
                0x200001e0                _bss_size
                0x200001e4                _data_size
                0x200001e8                _text_size
 .bss           0x200001ec        0x0 object/clock.o
 .bss           0x200001ec        0x0 object/usart.o
 .bss           0x200001ec        0x0 object/gpio.o
 .bss           0x200001ec        0x0 object/timer.o
 .bss           0x200001ec        0x0 object/kstdio.o
 .bss           0x200001ec        0x0 object/sys_init.o
 .bss           0x200001ec        0x0 object/unistd.o
 .bss           0x200001ec        0x0 object/times.o
 .bss           0x200001ec        0x0 object/kunistd.o
 .bss           0x200001ec        0x0 object/ktimes.o
 .bss           0x200001ec        0x0 object/syscall.o
 .bss           0x200001ec        0x0 object/seven_segment.o
                0x200001ec                        _ebss = .
OUTPUT(target/duos elf32-littlearm)
LOAD linker stubs

.comment        0x00000000       0x48
 .comment       0x00000000       0x48 object/kmath.o
                                 0x49 (size before relaxing)
 .comment       0x00000048       0x49 object/kfloat.o
 .comment       0x00000048       0x49 object/cm4.o
 .comment       0x00000048       0x49 object/kstring.o
 .comment       0x00000048       0x49 object/kmain.o
 .comment       0x00000048       0x49 object/stm32_startup.o
 .comment       0x00000048       0x49 object/clock.o
 .comment       0x00000048       0x49 object/usart.o
 .comment       0x00000048       0x49 object/gpio.o
 .comment       0x00000048       0x49 object/timer.o
 .comment       0x00000048       0x49 object/kstdio.o
 .comment       0x00000048       0x49 object/sys_init.o
 .comment       0x00000048       0x49 object/unistd.o
 .comment       0x00000048       0x49 object/times.o
 .comment       0x00000048       0x49 object/kunistd.o
 .comment       0x00000048       0x49 object/ktimes.o
 .comment       0x00000048       0x49 object/syscall.o
 .comment       0x00000048       0x49 object/seven_segment.o

.ARM.attributes
                0x00000000       0x32
 .ARM.attributes
                0x00000000       0x32 object/kmath.o
 .ARM.attributes
                0x00000032       0x32 object/kfloat.o
 .ARM.attributes
                0x00000064       0x32 object/cm4.o
 .ARM.attributes
                0x00000096       0x32 object/kstring.o
 .ARM.attributes
                0x000000c8       0x32 object/kmain.o
 .ARM.attributes
                0x000000fa       0x32 object/stm32_startup.o
 .ARM.attributes
                0x0000012c       0x32 object/clock.o
 .ARM.attributes
                0x0000015e       0x32 object/usart.o
 .ARM.attributes
                0x00000190       0x32 object/gpio.o
 .ARM.attributes
                0x000001c2       0x32 object/timer.o
 .ARM.attributes
                0x000001f4       0x32 object/kstdio.o
 .ARM.attributes
                0x00000226       0x32 object/sys_init.o
 .ARM.attributes
                0x00000258       0x32 object/unistd.o
 .ARM.attributes
                0x0000028a       0x32 object/times.o
 .ARM.attributes
                0x000002bc       0x32 object/kunistd.o
 .ARM.attributes
                0x000002ee       0x32 object/ktimes.o
 .ARM.attributes
                0x00000320       0x32 object/syscall.o
 .ARM.attributes
                0x00000352       0x32 object/seven_segment.o
